// Jest Snapshot v1, https://goo.gl/fbAQLP

exports[`renders correctly 1`] = `
<View
  style={
    [
      {
        "backgroundColor": "#fff",
      },
      {
        "backgroundColor": "#f6f6f6",
        "borderRadius": 10,
        "marginBottom": 10,
        "paddingHorizontal": 20,
        "paddingVertical": 10,
      },
    ]
  }
>
  <View
    style={
      [
        {
          "backgroundColor": "#fff",
        },
        {
          "backgroundColor": "transparent",
          "flexDirection": "row",
          "justifyContent": "space-between",
        },
      ]
    }
  >
    <Text
      style={
        [
          {
            "color": "#11181C",
          },
          undefined,
          undefined,
          {
            "fontSize": 16,
            "fontWeight": "600",
            "lineHeight": 24,
          },
          undefined,
          undefined,
          undefined,
        ]
      }
    >
      Room Name
    </Text>
    <Text
      style={
        [
          {
            "color": "#11181C",
          },
          {
            "fontSize": 16,
            "lineHeight": 24,
          },
          undefined,
          undefined,
          undefined,
          undefined,
          {
            "color": "lightgreen",
            "fontStyle": "italic",
          },
        ]
      }
    >
      Available
    </Text>
  </View>
  <View
    style={
      [
        {
          "backgroundColor": "#fff",
        },
        {
          "backgroundColor": "transparent",
          "height": 2,
        },
      ]
    }
  />
  <View
    style={
      [
        {
          "backgroundColor": "#fff",
        },
        {
          "backgroundColor": "transparent",
          "flexDirection": "row",
          "justifyContent": "space-between",
        },
      ]
    }
  >
    <Text
      style={
        [
          {
            "color": "#11181C",
          },
          {
            "fontSize": 16,
            "lineHeight": 24,
          },
          undefined,
          undefined,
          undefined,
          undefined,
          undefined,
        ]
      }
    >
      Level 
      3
    </Text>
    <Text
      style={
        [
          {
            "color": "#11181C",
          },
          {
            "fontSize": 16,
            "lineHeight": 24,
          },
          undefined,
          undefined,
          undefined,
          undefined,
          undefined,
        ]
      }
    >
      2
       Pax
    </Text>
  </View>
  <View
    style={
      [
        {
          "backgroundColor": "#fff",
        },
        {
          "backgroundColor": "transparent",
          "height": 2,
        },
      ]
    }
  />
</View>
`;
